00:00 +0: loading /app/test/shared/widgets/animated_button_test.dart                                                                                                                                   00:01 +0: loading /app/test/shared/widgets/animated_button_test.dart                                                                                                                                   00:02 +0: loading /app/test/shared/widgets/animated_button_test.dart                                                                                                                                   00:02 +0: AnimatedButton has correct semantics                                                                                                                                                         00:03 +0: AnimatedButton has correct semantics                                                                                                                                                         00:03 +1: AnimatedButton has correct semantics                                                                                                                                                         00:03 +1: AnimatedButton loading state semantics                                                                                                                                                       00:03 +2: AnimatedButton loading state semantics                                                                                                                                                       00:03 +2: All tests passed!
